psql --username=freecodecamp --dbname=periodic_table
periodic_table=> ALTER TABLE properties RENAME COLUMN weight to atomic_mass;
periodic_table=> ALTER TABLE properties RENAME COLUMN melting_point to melting_point_celsius; ALTER TABLE properties RENAME COLUMN boiling_point TO boiling_point_celsius;
periodic_table=> ALTER TABLE properties ALTER COLUMN melting_point_celsius SET NOT NULL, ALTER COLUMN boiling_point_celsius SET NOT NULL;
periodic_table=> ALTER TABLE elements ADD CONSTRAINT unique_symbol UNIQUE(symbol), ADD CONSTRAINT unique_name unique(name);
periodic_table=> ALTER TABLE elements ALTER COLUMN symbol SET NOT NULL, ALTER COLUMN name SET NOT NULL;
periodic_table=> ALTER TABLE properties ADD FOREIGN KEY(atomic_number) REFERENCES elements(atomic_number);
periodic_table=> CREATE TABLE types();
periodic_table=> ALTER TABLE types ADD COLUMN type_id INT PRIMARY KEY;
periodic_table=> ALTER TABLE types ADD COLUMN type VARCHAR(30) NOT NULL;
periodic_table=> INSERT INTO types (type_id, type) VALUES (1, 'nonmetal'), (2,'metal'), (3, 'metalloid');
periodic_table=> ALTER TABLE properties ADD COLUMN type_id INT REFERENCES types(type_id);
periodic_table=> UPDATE properties SET type_id = 1 WHERE type = 'nonmetal';
periodic_table=> UPDATE properties SET type_id = 2 WHERE type = 'metal';
periodic_table=> UPDATE properties SET type_id = 3 WHERE type = 'metalloid';
periodic_table=> ALTER TABLE properties ALTER COLUMN type_id SET NOT NULL;
periodic_table=> UPDATE elements SET symbol = 'He' where atomic_number = 2; UPDATE elements SET symbol = 'Li' WHERE atomic_number = 3; UPDATE elements SET symbol = 'MT' where atomic_number = 1000;

You should remove all the trailing zeros after the decimals from each row of the atomic_mass column. You may need to adjust a data type to DECIMAL for this. The final values they should be are in the atomic_mass.txt file

periodic_table=> ALTER TABLE properties ALTER COLUMN atomic_mass TYPE decimal;
UPDATE properties
SET atomic_mass =
    CASE atomic_number
        WHEN 1 THEN 1.008
        WHEN 2 THEN 4.0026
        WHEN 3 THEN 6.94
        WHEN 4 THEN 9.0122
        WHEN 5 THEN 10.81
        WHEN 6 THEN 12.011
        WHEN 7 THEN 14.007
        WHEN 8 THEN 15.999
        WHEN 1000 THEN 1
    END;
periodic_table=> INSERT INTO elements (atomic_number, symbol, name) VALUES (9, 'F', 'Fluorine'); INSERT INTO properties (atomic_number, type, atomic_mass, melting_point_celsius, boiling_point_celsius, type_id) VALUES (9, 'nonmetal', 18.998, -220, -188.1, 1);
periodic_table=> INSERT INTO elements (atomic_number, symbol, name) VALUES (10, 'Ne', 'Neon'); INSERT INTO properties (atomic_number, type, atomic_mass, melting_point_celsius, boiling_point_celsius, type_id) VALUES (10, 'nonmetal', 20.18, -248.6, -246.1, 1);

periodic_table=> DELETE FROM properties WHERE atomic_number =1000;
periodic_table=> DELETE FROM elements WHERE atomic_number =1000;
periodic_table=> ALTER TABLE properties DROP COLUMN type;
-------------

You should create a periodic_table folder in the project folder and turn it into a git repository with git init
camper: /project$ mkdir periodic_table;
camper: /project$ cd periodic_table/
camper: /periodic_table$ git init


Your repository should have a main branch with all your commits/ You should create an element.sh file in your repo folder for the program I want you to make
camper: /periodic_table$ git checkout -b main
Switched to a new branch 'main'
camper: /periodic_table$ touch element.sh
camper: /periodic_table$ git status
On branch main
No commits yet
Untracked files:
  (use "git add <file>..." to include in what will be committed)
        element.sh
nothing added to commit but untracked files present (use "git add" to track)
camper: /periodic_table$ git add .
camper: /periodic_table$ git commit -m 'Initial commmit'

Your script (.sh) file should have executable permissions
camper: /periodic_table$ chmod +x element.sh 

